0 verbose cli /usr/local/bin/node /usr/local/bin/npm
1 info using npm@11.12.1
2 info using node@v24.15.0
3 silly config load:file:/usr/local/lib/node_modules/npm/npmrc
4 silly config load:file:/Users/ibrahimtatlicioglu/Desktop/nba-live-scores/.npmrc
5 silly config load:file:/Users/ibrahimtatlicioglu/.npmrc
6 silly config load:file:/usr/local/etc/npmrc
7 verbose title npm install @vercel/kv @upstash/ratelimit
8 verbose argv "install" "@vercel/kv" "@upstash/ratelimit" "--cache" ".npm-cache"
9 verbose logfile logs-max:10 dir:/Users/ibrahimtatlicioglu/Desktop/nba-live-scores/.npm-cache/_logs/2026-05-25T00_21_36_005Z-
10 verbose logfile /Users/ibrahimtatlicioglu/Desktop/nba-live-scores/.npm-cache/_logs/2026-05-25T00_21_36_005Z-debug-0.log
11 silly logfile done cleaning log files
12 silly packumentCache heap:4496293888 maxSize:1124073472 maxEntrySize:562036736
13 silly idealTree buildDeps
14 silly fetch manifest @vercel/kv@*
15 silly packumentCache full:https://registry.npmjs.org/@vercel%2fkv cache-miss
16 http fetch GET 200 https://registry.npmjs.org/@vercel%2fkv 256ms (cache miss)
17 silly packumentCache full:https://registry.npmjs.org/@vercel%2fkv set size:undefined disposed:false
18 silly fetch manifest @upstash/ratelimit@*
19 silly packumentCache full:https://registry.npmjs.org/@upstash%2fratelimit cache-miss
20 http fetch GET 200 https://registry.npmjs.org/npm 367ms
21 http fetch GET 200 https://registry.npmjs.org/@upstash%2fratelimit 120ms (cache miss)
22 silly packumentCache full:https://registry.npmjs.org/@upstash%2fratelimit set size:undefined disposed:false
23 silly fetch manifest @upstash/redis@^1.34.3
24 silly packumentCache full:https://registry.npmjs.org/@upstash%2fredis cache-miss
25 http fetch GET 200 https://registry.npmjs.org/@upstash%2fredis 152ms (cache miss)
26 silly packumentCache full:https://registry.npmjs.org/@upstash%2fredis set size:undefined disposed:false
27 silly placeDep ROOT @upstash/ratelimit@2.0.8 OK for: nba-live-scores@0.1.0 want: *
28 silly placeDep ROOT @upstash/redis@1.38.0 OK for: @upstash/ratelimit@2.0.8 want: ^1.34.3
29 silly placeDep ROOT @vercel/kv@3.0.0 OK for: nba-live-scores@0.1.0 want: *
30 silly fetch manifest @upstash/core-analytics@^0.0.10
31 silly packumentCache full:https://registry.npmjs.org/@upstash%2fcore-analytics cache-miss
32 silly fetch manifest uncrypto@^0.1.3
33 silly packumentCache full:https://registry.npmjs.org/uncrypto cache-miss
34 http fetch GET 200 https://registry.npmjs.org/uncrypto 48ms (cache miss)
35 silly packumentCache full:https://registry.npmjs.org/uncrypto set size:undefined disposed:false
36 http fetch GET 200 https://registry.npmjs.org/@upstash%2fcore-analytics 275ms (cache miss)
37 silly packumentCache full:https://registry.npmjs.org/@upstash%2fcore-analytics set size:undefined disposed:false
38 silly placeDep ROOT @upstash/core-analytics@0.0.10 OK for: @upstash/ratelimit@2.0.8 want: ^0.0.10
39 silly placeDep ROOT uncrypto@0.1.3 OK for: @upstash/redis@1.38.0 want: ^0.1.3
40 silly reify moves {}
41 silly audit bulk request {
41 silly audit   '@alloc/quick-lru': [ '5.2.0' ],
41 silly audit   '@babel/code-frame': [ '7.29.0' ],
41 silly audit   '@babel/compat-data': [ '7.29.0' ],
41 silly audit   '@babel/core': [ '7.29.0' ],
41 silly audit   '@babel/generator': [ '7.29.1' ],
41 silly audit   '@babel/helper-compilation-targets': [ '7.28.6' ],
41 silly audit   '@babel/helper-globals': [ '7.28.0' ],
41 silly audit   '@babel/helper-module-imports': [ '7.28.6' ],
41 silly audit   '@babel/helper-module-transforms': [ '7.28.6' ],
41 silly audit   '@babel/helper-string-parser': [ '7.27.1' ],
41 silly audit   '@babel/helper-validator-identifier': [ '7.28.5' ],
41 silly audit   '@babel/helper-validator-option': [ '7.27.1' ],
41 silly audit   '@babel/helpers': [ '7.29.2' ],
41 silly audit   '@babel/parser': [ '7.29.2' ],
41 silly audit   '@babel/template': [ '7.28.6' ],
41 silly audit   '@babel/traverse': [ '7.29.0' ],
41 silly audit   '@babel/types': [ '7.29.0' ],
41 silly audit   '@capacitor/cli': [ '8.3.1' ],
41 silly audit   semver: [ '7.7.4', '6.3.1' ],
41 silly audit   '@capacitor/core': [ '8.3.1' ],
41 silly audit   '@capacitor/ios': [ '8.3.1' ],
41 silly audit   '@capacitor/push-notifications': [ '8.0.3' ],
41 silly audit   '@emnapi/core': [ '1.10.0' ],
41 silly audit   '@emnapi/runtime': [ '1.10.0' ],
41 silly audit   '@emnapi/wasi-threads': [ '1.2.1' ],
41 silly audit   '@eslint-community/eslint-utils': [ '4.9.1' ],
41 silly audit   'eslint-visitor-keys': [ '3.4.3', '5.0.1', '4.2.1' ],
41 silly audit   '@eslint-community/regexpp': [ '4.12.2' ],
41 silly audit   '@eslint/config-array': [ '0.21.2' ],
41 silly audit   '@eslint/config-helpers': [ '0.4.2' ],
41 silly audit   '@eslint/core': [ '0.17.0' ],
41 silly audit   '@eslint/eslintrc': [ '3.3.5' ],
41 silly audit   '@eslint/js': [ '9.39.4' ],
41 silly audit   '@eslint/object-schema': [ '2.1.7' ],
41 silly audit   '@eslint/plugin-kit': [ '0.4.1' ],
41 silly audit   '@humanfs/core': [ '0.19.2' ],
41 silly audit   '@humanfs/node': [ '0.16.8' ],
41 silly audit   '@humanfs/types': [ '0.15.0' ],
41 silly audit   '@humanwhocodes/module-importer': [ '1.0.1' ],
41 silly audit   '@humanwhocodes/retry': [ '0.4.3' ],
41 silly audit   '@img/colour': [ '1.1.0' ],
41 silly audit   '@img/sharp-darwin-arm64': [ '0.34.5' ],
41 silly audit   '@img/sharp-darwin-x64': [ '0.34.5' ],
41 silly audit   '@img/sharp-libvips-darwin-arm64': [ '1.2.4' ],
41 silly audit   '@img/sharp-libvips-darwin-x64': [ '1.2.4' ],
41 silly audit   '@img/sharp-libvips-linux-arm': [ '1.2.4' ],
41 silly audit   '@img/sharp-libvips-linux-arm64': [ '1.2.4' ],
41 silly audit   '@img/sharp-libvips-linux-ppc64': [ '1.2.4' ],
41 silly audit   '@img/sharp-libvips-linux-riscv64': [ '1.2.4' ],
41 silly audit   '@img/sharp-libvips-linux-s390x': [ '1.2.4' ],
41 silly audit   '@img/sharp-libvips-linux-x64': [ '1.2.4' ],
41 silly audit   '@img/sharp-libvips-linuxmusl-arm64': [ '1.2.4' ],
41 silly audit   '@img/sharp-libvips-linuxmusl-x64': [ '1.2.4' ],
41 silly audit   '@img/sharp-linux-arm': [ '0.34.5' ],
41 silly audit   '@img/sharp-linux-arm64': [ '0.34.5' ],
41 silly audit   '@img/sharp-linux-ppc64': [ '0.34.5' ],
41 silly audit   '@img/sharp-linux-riscv64': [ '0.34.5' ],
41 silly audit   '@img/sharp-linux-s390x': [ '0.34.5' ],
41 silly audit   '@img/sharp-linux-x64': [ '0.34.5' ],
41 silly audit   '@img/sharp-linuxmusl-arm64': [ '0.34.5' ],
41 silly audit   '@img/sharp-linuxmusl-x64': [ '0.34.5' ],
41 silly audit   '@img/sharp-wasm32': [ '0.34.5' ],
41 silly audit   '@img/sharp-win32-arm64': [ '0.34.5' ],
41 silly audit   '@img/sharp-win32-ia32': [ '0.34.5' ],
41 silly audit   '@img/sharp-win32-x64': [ '0.34.5' ],
41 silly audit   '@ionic/cli-framework-output': [ '2.2.8' ],
41 silly audit   '@ionic/utils-array': [ '2.1.6' ],
41 silly audit   '@ionic/utils-fs': [ '3.1.7' ],
41 silly audit   'fs-extra': [ '9.1.0', '11.3.4' ],
41 silly audit   '@ionic/utils-object': [ '2.1.6' ],
41 silly audit   '@ionic/utils-process': [ '2.1.12' ],
41 silly audit   '@ionic/utils-stream': [ '3.1.7' ],
41 silly audit   '@ionic/utils-subprocess': [ '3.0.1' ],
41 silly audit   '@ionic/utils-terminal': [ '2.3.5' ],
41 silly audit   '@isaacs/fs-minipass': [ '4.0.1' ],
41 silly audit   '@jridgewell/gen-mapping': [ '0.3.13' ],
41 silly audit   '@jridgewell/remapping': [ '2.3.5' ],
41 silly audit   '@jridgewell/resolve-uri': [ '3.1.2' ],
41 silly audit   '@jridgewell/sourcemap-codec': [ '1.5.5' ],
41 silly audit   '@jridgewell/trace-mapping': [ '0.3.31' ],
41 silly audit   '@napi-rs/wasm-runtime': [ '0.2.12' ],
41 silly audit   '@next/env': [ '16.2.4' ],
41 silly audit   '@next/eslint-plugin-next': [ '16.2.4' ],
41 silly audit   '@next/swc-darwin-arm64': [ '16.2.4' ],
41 silly audit   '@next/swc-darwin-x64': [ '16.2.4' ],
41 silly audit   '@next/swc-linux-arm64-gnu': [ '16.2.4' ],
41 silly audit   '@next/swc-linux-arm64-musl': [ '16.2.4' ],
41 silly audit   '@next/swc-linux-x64-gnu': [ '16.2.4' ],
41 silly audit   '@next/swc-linux-x64-musl': [ '16.2.4' ],
41 silly audit   '@next/swc-win32-arm64-msvc': [ '16.2.4' ],
41 silly audit   '@next/swc-win32-x64-msvc': [ '16.2.4' ],
41 silly audit   '@nodelib/fs.scandir': [ '2.1.5' ],
41 silly audit   '@nodelib/fs.stat': [ '2.0.5' ],
41 silly audit   '@nodelib/fs.walk': [ '1.2.8' ],
41 silly audit   '@nolyfill/is-core-module': [ '1.0.39' ],
41 silly audit   '@rtsao/scc': [ '1.1.0' ],
41 silly audit   '@swc/helpers': [ '0.5.15' ],
41 silly audit   '@tailwindcss/node': [ '4.2.4' ],
41 silly audit   '@tailwindcss/oxide': [ '4.2.4' ],
41 silly audit   '@tailwindcss/oxide-android-arm64': [ '4.2.4' ],
41 silly audit   '@tailwindcss/oxide-darwin-arm64': [ '4.2.4' ],
41 silly audit   '@tailwindcss/oxide-darwin-x64': [ '4.2.4' ],
41 silly audit   '@tailwindcss/oxide-freebsd-x64': [ '4.2.4' ],
41 silly audit   '@tailwindcss/oxide-linux-arm-gnueabihf': [ '4.2.4' ],
41 silly audit   '@tailwindcss/oxide-linux-arm64-gnu': [ '4.2.4' ],
41 silly audit   '@tailwindcss/oxide-linux-arm64-musl': [ '4.2.4' ],
41 silly audit   '@tailwindcss/oxide-linux-x64-gnu': [ '4.2.4' ],
41 silly audit   '@tailwindcss/oxide-linux-x64-musl': [ '4.2.4' ],
41 silly audit   '@tailwindcss/oxide-wasm32-wasi': [ '4.2.4' ],
41 silly audit   '@tailwindcss/oxide-win32-arm64-msvc': [ '4.2.4' ],
41 silly audit   '@tailwindcss/oxide-win32-x64-msvc': [ '4.2.4' ],
41 silly audit   '@tailwindcss/postcss': [ '4.2.4' ],
41 silly audit   '@tybys/wasm-util': [ '0.10.1' ],
41 silly audit   '@types/estree': [ '1.0.8' ],
41 silly audit   '@types/fs-extra': [ '8.1.5' ],
41 silly audit   '@types/json-schema': [ '7.0.15' ],
41 silly audit   '@types/json5': [ '0.0.29' ],
41 silly audit   '@types/node': [ '20.19.39' ],
41 silly audit   '@types/react': [ '19.2.14' ],
41 silly audit   '@types/react-dom': [ '19.2.3' ],
41 silly audit   '@types/slice-ansi': [ '4.0.0' ],
41 silly audit   '@types/web-push': [ '3.6.4' ],
41 silly audit   '@typescript-eslint/eslint-plugin': [ '8.59.1' ],
41 silly audit   ignore: [ '7.0.5', '5.3.2' ],
41 silly audit   '@typescript-eslint/parser': [ '8.59.1' ],
41 silly audit   '@typescript-eslint/project-service': [ '8.59.1' ],
41 silly audit   '@typescript-eslint/scope-manager': [ '8.59.1' ],
41 silly audit   '@typescript-eslint/tsconfig-utils': [ '8.59.1' ],
41 silly audit   '@typescript-eslint/type-utils': [ '8.59.1' ],
41 silly audit   '@typescript-eslint/types': [ '8.59.1' ],
41 silly audit   '@typescript-eslint/typescript-estree': [ '8.59.1' ],
41 silly audit   'balanced-match': [ '4.0.4', '1.0.2' ],
41 silly audit   'brace-expansion': [ '5.0.5', '1.1.14' ],
41 silly audit   minimatch: [ '10.2.5', '3.1.5' ],
41 silly audit   '@typescript-eslint/utils': [ '8.59.1' ],
41 silly audit   '@typescript-eslint/visitor-keys': [ '8.59.1' ],
41 silly audit   '@unrs/resolver-binding-android-arm-eabi': [ '1.11.1' ],
41 silly audit   '@unrs/resolver-binding-android-arm64': [ '1.11.1' ],
41 silly audit   '@unrs/resolver-binding-darwin-arm64': [ '1.11.1' ],
41 silly audit   '@unrs/resolver-binding-darwin-x64': [ '1.11.1' ],
41 silly audit   '@unrs/resolver-binding-freebsd-x64': [ '1.11.1' ],
41 silly audit   '@unrs/resolver-binding-linux-arm-gnueabihf': [ '1.11.1' ],
41 silly audit   '@unrs/resolver-binding-linux-arm-musleabihf': [ '1.11.1' ],
41 silly audit   '@unrs/resolver-binding-linux-arm64-gnu': [ '1.11.1' ],
41 silly audit   '@unrs/resolver-binding-linux-arm64-musl': [ '1.11.1' ],
41 silly audit   '@unrs/resolver-binding-linux-ppc64-gnu': [ '1.11.1' ],
41 silly audit   '@unrs/resolver-binding-linux-riscv64-gnu': [ '1.11.1' ],
41 silly audit   '@unrs/resolver-binding-linux-riscv64-musl': [ '1.11.1' ],
41 silly audit   '@unrs/resolver-binding-linux-s390x-gnu': [ '1.11.1' ],
41 silly audit   '@unrs/resolver-binding-linux-x64-gnu': [ '1.11.1' ],
41 silly audit   '@unrs/resolver-binding-linux-x64-musl': [ '1.11.1' ],
41 silly audit   '@unrs/resolver-binding-wasm32-wasi': [ '1.11.1' ],
41 silly audit   '@unrs/resolver-binding-win32-arm64-msvc': [ '1.11.1' ],
41 silly audit   '@unrs/resolver-binding-win32-ia32-msvc': [ '1.11.1' ],
41 silly audit   '@unrs/resolver-binding-win32-x64-msvc': [ '1.11.1' ],
41 silly audit   '@vercel/analytics': [ '2.0.1' ],
41 silly audit   '@vercel/speed-insights': [ '2.0.0' ],
41 silly audit   '@xmldom/xmldom': [ '0.9.10' ],
41 silly audit   acorn: [ '8.16.0' ],
41 silly audit   'acorn-jsx': [ '5.3.2' ],
41 silly audit   'agent-base': [ '7.1.4' ],
41 silly audit   ajv: [ '6.15.0' ],
41 silly audit   'ansi-regex': [ '5.0.1' ],
41 silly audit   'ansi-styles': [ '4.3.0' ],
41 silly audit   argparse: [ '2.0.1' ],
41 silly audit   'aria-query': [ '5.3.2' ],
41 silly audit   'array-buffer-byte-length': [ '1.0.2' ],
41 silly audit   'array-includes': [ '3.1.9' ],
41 silly audit   'array.prototype.findlast': [ '1.2.5' ],
41 silly audit   'array.prototype.findlastindex': [ '1.2.6' ],
41 silly audit   'array.prototype.flat': [ '1.3.3' ],
41 silly audit   'array.prototype.flatmap': [ '1.3.3' ],
41 silly audit   'array.prototype.tosorted': [ '1.1.4' ],
41 silly audit   'arraybuffer.prototype.slice': [ '1.0.4' ],
41 silly audit   'asn1.js': [ '5.4.1' ],
41 silly audit   'ast-types-flow': [ '0.0.8' ],
41 silly audit   'astral-regex': [ '2.0.0' ],
41 silly audit   'async-function': [ '1.0.0' ],
41 silly audit   'at-least-node': [ '1.0.0' ],
41 silly audit   'available-typed-arrays': [ '1.0.7' ],
41 silly audit   'axe-core': [ '4.11.4' ],
41 silly audit   'axobject-query': [ '4.1.0' ],
41 silly audit   'base64-js': [ '1.5.1' ],
41 silly audit   'baseline-browser-mapping': [ '2.10.24' ],
41 silly audit   'big-integer': [ '1.6.52' ],
41 silly audit   'bn.js': [ '4.12.3' ],
41 silly audit   'bplist-parser': [ '0.3.2' ],
41 silly audit   braces: [ '3.0.3' ],
41 silly audit   browserslist: [ '4.28.2' ],
41 silly audit   'buffer-crc32': [ '0.2.13' ],
41 silly audit   'buffer-equal-constant-time': [ '1.0.1' ],
41 silly audit   'call-bind': [ '1.0.9' ],
41 silly audit   'call-bind-apply-helpers': [ '1.0.2' ],
41 silly audit   'call-bound': [ '1.0.4' ],
41 silly audit   callsites: [ '3.1.0' ],
41 silly audit   'caniuse-lite': [ '1.0.30001791' ],
41 silly audit   chalk: [ '4.1.2' ],
41 silly audit   chownr: [ '3.0.0' ],
41 silly audit   'client-only': [ '0.0.1' ],
41 silly audit   'color-convert': [ '2.0.1' ],
41 silly audit   'color-name': [ '1.1.4' ],
41 silly audit   commander: [ '12.1.0' ],
41 silly audit   'concat-map': [ '0.0.1' ],
41 silly audit   'convert-source-map': [ '2.0.0' ],
41 silly audit   'cross-spawn': [ '7.0.6' ],
41 silly audit   csstype: [ '3.2.3' ],
41 silly audit   'damerau-levenshtein': [ '1.0.8' ],
41 silly audit   'data-view-buffer': [ '1.0.2' ],
41 silly audit   'data-view-byte-length': [ '1.0.2' ],
41 silly audit   'data-view-byte-offset': [ '1.0.1' ],
41 silly audit   debug: [ '4.4.3', '3.2.7' ],
41 silly audit   'deep-is': [ '0.1.4' ],
41 silly audit   'define-data-property': [ '1.1.4' ],
41 silly audit   'define-lazy-prop': [ '2.0.0' ],
41 silly audit   'define-properties': [ '1.2.1' ],
41 silly audit   'detect-libc': [ '2.1.2' ],
41 silly audit   doctrine: [ '2.1.0' ],
41 silly audit   'dunder-proto': [ '1.0.1' ],
41 silly audit   'ecdsa-sig-formatter': [ '1.0.11' ],
41 silly audit   'electron-to-chromium': [ '1.5.345' ],
41 silly audit   elementtree: [ '0.1.7' ],
41 silly audit   'emoji-regex': [ '9.2.2', '8.0.0' ],
41 silly audit   'enhanced-resolve': [ '5.21.0' ],
41 silly audit   'env-paths': [ '2.2.1' ],
41 silly audit   'es-abstract': [ '1.24.2' ],
41 silly audit   'es-define-property': [ '1.0.1' ],
41 silly audit   'es-errors': [ '1.3.0' ],
41 silly audit   'es-iterator-helpers': [ '1.3.2' ],
41 silly audit   'es-object-atoms': [ '1.1.1' ],
41 silly audit   'es-set-tostringtag': [ '2.1.0' ],
41 silly audit   'es-shim-unscopables': [ '1.1.0' ],
41 silly audit   'es-to-primitive': [ '1.3.0' ],
41 silly audit   escalade: [ '3.2.0' ],
41 silly audit   'escape-string-regexp': [ '4.0.0' ],
41 silly audit   eslint: [ '9.39.4' ],
41 silly audit   'eslint-config-next': [ '16.2.4' ],
41 silly audit   globals: [ '16.4.0', '14.0.0' ],
41 silly audit   'eslint-import-resolver-node': [ '0.3.10' ],
41 silly audit   'eslint-import-resolver-typescript': [ '3.10.1' ],
41 silly audit   'eslint-module-utils': [ '2.12.1' ],
41 silly audit   'eslint-plugin-import': [ '2.32.0' ],
41 silly audit   'eslint-plugin-jsx-a11y': [ '6.10.2' ],
41 silly audit   'eslint-plugin-react': [ '7.37.5' ],
41 silly audit   'eslint-plugin-react-hooks': [ '7.1.1' ],
41 silly audit   'eslint-scope': [ '8.4.0' ],
41 silly audit   espree: [ '10.4.0' ],
41 silly audit   esquery: [ '1.7.0' ],
41 silly audit   esrecurse: [ '4.3.0' ],
41 silly audit   estraverse: [ '5.3.0' ],
41 silly audit   esutils: [ '2.0.3' ],
41 silly audit   'fast-deep-equal': [ '3.1.3' ],
41 silly audit   'fast-glob': [ '3.3.1' ],
41 silly audit   'glob-parent': [ '5.1.2', '6.0.2' ],
41 silly audit   'fast-json-stable-stringify': [ '2.1.0' ],
41 silly audit   'fast-levenshtein': [ '2.0.6' ],
41 silly audit   fastq: [ '1.20.1' ],
41 silly audit   'fd-slicer': [ '1.1.0' ],
41 silly audit   'file-entry-cache': [ '8.0.0' ],
41 silly audit   'fill-range': [ '7.1.1' ],
41 silly audit   'find-up': [ '5.0.0' ],
41 silly audit   'flat-cache': [ '4.0.1' ],
41 silly audit   flatted: [ '3.4.2' ],
41 silly audit   'for-each': [ '0.3.5' ],
41 silly audit   'function-bind': [ '1.1.2' ],
41 silly audit   'function.prototype.name': [ '1.1.8' ],
41 silly audit   'functions-have-names': [ '1.2.3' ],
41 silly audit   'generator-function': [ '2.0.1' ],
41 silly audit   gensync: [ '1.0.0-beta.2' ],
41 silly audit   'get-intrinsic': [ '1.3.0' ],
41 silly audit   'get-proto': [ '1.0.1' ],
41 silly audit   'get-symbol-description': [ '1.1.0' ],
41 silly audit   'get-tsconfig': [ '4.14.0' ],
41 silly audit   glob: [ '13.0.6' ],
41 silly audit   globalthis: [ '1.0.4' ],
41 silly audit   gopd: [ '1.2.0' ],
41 silly audit   'graceful-fs': [ '4.2.11' ],
41 silly audit   'has-bigints': [ '1.1.0' ],
41 silly audit   'has-flag': [ '4.0.0' ],
41 silly audit   'has-property-descriptors': [ '1.0.2' ],
41 silly audit   'has-proto': [ '1.2.0' ],
41 silly audit   'has-symbols': [ '1.1.0' ],
41 silly audit   'has-tostringtag': [ '1.0.2' ],
41 silly audit   hasown: [ '2.0.3' ],
41 silly audit   'hermes-estree': [ '0.25.1' ],
41 silly audit   'hermes-parser': [ '0.25.1' ],
41 silly audit   'html-to-image': [ '1.11.13' ],
41 silly audit   http_ece: [ '1.2.0' ],
41 silly audit   'https-proxy-agent': [ '7.0.6' ],
41 silly audit   'import-fresh': [ '3.3.1' ],
41 silly audit   imurmurhash: [ '0.1.4' ],
41 silly audit   inherits: [ '2.0.4' ],
41 silly audit   ini: [ '4.1.3' ],
41 silly audit   'internal-slot': [ '1.1.0' ],
41 silly audit   'is-array-buffer': [ '3.0.5' ],
41 silly audit   'is-async-function': [ '2.1.1' ],
41 silly audit   'is-bigint': [ '1.1.0' ],
41 silly audit   'is-boolean-object': [ '1.2.2' ],
41 silly audit   'is-bun-module': [ '2.0.0' ],
41 silly audit   'is-callable': [ '1.2.7' ],
41 silly audit   'is-core-module': [ '2.16.1' ],
41 silly audit   'is-data-view': [ '1.0.2' ],
41 silly audit   'is-date-object': [ '1.1.0' ],
41 silly audit   'is-docker': [ '2.2.1' ],
41 silly audit   'is-extglob': [ '2.1.1' ],
41 silly audit   'is-finalizationregistry': [ '1.1.1' ],
41 silly audit   'is-fullwidth-code-point': [ '3.0.0' ],
41 silly audit   'is-generator-function': [ '1.1.2' ],
41 silly audit   'is-glob': [ '4.0.3' ],
41 silly audit   'is-map': [ '2.0.3' ],
41 silly audit   'is-negative-zero': [ '2.0.3' ],
41 silly audit   'is-number': [ '7.0.0' ],
41 silly audit   'is-number-object': [ '1.1.1' ],
41 silly audit   'is-regex': [ '1.2.1' ],
41 silly audit   'is-set': [ '2.0.3' ],
41 silly audit   'is-shared-array-buffer': [ '1.0.4' ],
41 silly audit   'is-string': [ '1.1.1' ],
41 silly audit   'is-symbol': [ '1.1.1' ],
41 silly audit   'is-typed-array': [ '1.1.15' ],
41 silly audit   'is-weakmap': [ '2.0.2' ],
41 silly audit   'is-weakref': [ '1.1.1' ],
41 silly audit   'is-weakset': [ '2.0.4' ],
41 silly audit   'is-wsl': [ '2.2.0' ],
41 silly audit   isarray: [ '2.0.5' ],
41 silly audit   isexe: [ '2.0.0' ],
41 silly audit   'iterator.prototype': [ '1.1.5' ],
41 silly audit   jiti: [ '2.6.1' ],
41 silly audit   'js-tokens': [ '4.0.0' ],
41 silly audit   'js-yaml': [ '4.1.1' ],
41 silly audit   jsesc: [ '3.1.0' ],
41 silly audit   'json-buffer': [ '3.0.1' ],
41 silly audit   'json-schema-traverse': [ '0.4.1' ],
41 silly audit   'json-stable-stringify-without-jsonify': [ '1.0.1' ],
41 silly audit   json5: [ '2.2.3', '1.0.2' ],
41 silly audit   jsonfile: [ '6.2.1' ],
41 silly audit   'jsx-ast-utils': [ '3.3.5' ],
41 silly audit   jwa: [ '2.0.1' ],
41 silly audit   jws: [ '4.0.1' ],
41 silly audit   keyv: [ '4.5.4' ],
41 silly audit   kleur: [ '4.1.5', '3.0.3' ],
41 silly audit   'language-subtag-registry': [ '0.3.23' ],
41 silly audit   'language-tags': [ '1.0.9' ],
41 silly audit   levn: [ '0.4.1' ],
41 silly audit   lightningcss: [ '1.32.0' ],
41 silly audit   'lightningcss-android-arm64': [ '1.32.0' ],
41 silly audit   'lightningcss-darwin-arm64': [ '1.32.0' ],
41 silly audit   'lightningcss-darwin-x64': [ '1.32.0' ],
41 silly audit   'lightningcss-freebsd-x64': [ '1.32.0' ],
41 silly audit   'lightningcss-linux-arm-gnueabihf': [ '1.32.0' ],
41 silly audit   'lightningcss-linux-arm64-gnu': [ '1.32.0' ],
41 silly audit   'lightningcss-linux-arm64-musl': [ '1.32.0' ],
41 silly audit   'lightningcss-linux-x64-gnu': [ '1.32.0' ],
41 silly audit   'lightningcss-linux-x64-musl': [ '1.32.0' ],
41 silly audit   'lightningcss-win32-arm64-msvc': [ '1.32.0' ],
41 silly audit   'lightningcss-win32-x64-msvc': [ '1.32.0' ],
41 silly audit   'locate-path': [ '6.0.0' ],
41 silly audit   'lodash.merge': [ '4.6.2' ],
41 silly audit   'loose-envify': [ '1.4.0' ],
41 silly audit   'lru-cache': [ '5.1.1', '11.3.5' ],
41 silly audit   'magic-string': [ '0.30.21' ],
41 silly audit   'math-intrinsics': [ '1.1.0' ],
41 silly audit   merge2: [ '1.4.1' ],
41 silly audit   micromatch: [ '4.0.8' ],
41 silly audit   'minimalistic-assert': [ '1.0.1' ],
41 silly audit   minimist: [ '1.2.8' ],
41 silly audit   minipass: [ '7.1.3' ],
41 silly audit   minizlib: [ '3.1.0' ],
41 silly audit   ms: [ '2.1.3' ],
41 silly audit   nanoid: [ '3.3.11' ],
41 silly audit   'napi-postinstall': [ '0.3.4' ],
41 silly audit   'native-run': [ '2.0.3' ],
41 silly audit   'natural-compare': [ '1.4.0' ],
41 silly audit   next: [ '16.2.4' ],
41 silly audit   postcss: [ '8.4.31', '8.5.12' ],
41 silly audit   'node-exports-info': [ '1.6.0' ],
41 silly audit   'node-releases': [ '2.0.38' ],
41 silly audit   'object-assign': [ '4.1.1' ],
41 silly audit   'object-inspect': [ '1.13.4' ],
41 silly audit   'object-keys': [ '1.1.1' ],
41 silly audit   'object.assign': [ '4.1.7' ],
41 silly audit   'object.entries': [ '1.1.9' ],
41 silly audit   'object.fromentries': [ '2.0.8' ],
41 silly audit   'object.groupby': [ '1.0.3' ],
41 silly audit   'object.values': [ '1.2.1' ],
41 silly audit   open: [ '8.4.2' ],
41 silly audit   optionator: [ '0.9.4' ],
41 silly audit   'own-keys': [ '1.0.1' ],
41 silly audit   'p-limit': [ '3.1.0' ],
41 silly audit   'p-locate': [ '5.0.0' ],
41 silly audit   'package-json-from-dist': [ '1.0.1' ],
41 silly audit   'parent-module': [ '1.0.1' ],
41 silly audit   'path-exists': [ '4.0.0' ],
41 silly audit   'path-key': [ '3.1.1' ],
41 silly audit   'path-parse': [ '1.0.7' ],
41 silly audit   'path-scurry': [ '2.0.2' ],
41 silly audit   pend: [ '1.2.0' ],
41 silly audit   picocolors: [ '1.1.1' ],
41 silly audit   picomatch: [ '2.3.2', '4.0.4' ],
41 silly audit   plist: [ '3.1.1' ],
41 silly audit   'possible-typed-array-names': [ '1.1.0' ],
41 silly audit   'prelude-ls': [ '1.2.1' ],
41 silly audit   prompts: [ '2.4.2' ],
41 silly audit   'prop-types': [ '15.8.1' ],
41 silly audit   punycode: [ '2.3.1' ],
41 silly audit   'queue-microtask': [ '1.2.3' ],
41 silly audit   react: [ '19.2.4' ],
41 silly audit   'react-dom': [ '19.2.4' ],
41 silly audit   'react-is': [ '16.13.1' ],
41 silly audit   'readable-stream': [ '3.6.2' ],
41 silly audit   'reflect.getprototypeof': [ '1.0.10' ],
41 silly audit   'regexp.prototype.flags': [ '1.5.4' ],
41 silly audit   resolve: [ '2.0.0-next.6' ],
41 silly audit   'resolve-from': [ '4.0.0' ],
41 silly audit   'resolve-pkg-maps': [ '1.0.0' ],
41 silly audit   reusify: [ '1.1.0' ],
41 silly audit   rimraf: [ '6.1.3' ],
41 silly audit   'run-parallel': [ '1.2.0' ],
41 silly audit   'safe-array-concat': [ '1.1.4' ],
41 silly audit   'safe-buffer': [ '5.2.1' ],
41 silly audit   'safe-push-apply': [ '1.0.0' ],
41 silly audit   'safe-regex-test': [ '1.1.0' ],
41 silly audit   'safer-buffer': [ '2.1.2' ],
41 silly audit   sax: [ '1.1.4' ],
41 silly audit   scheduler: [ '0.27.0' ],
41 silly audit   'set-function-length': [ '1.2.2' ],
41 silly audit   'set-function-name': [ '2.0.2' ],
41 silly audit   'set-proto': [ '1.0.0' ],
41 silly audit   sharp: [ '0.34.5' ],
41 silly audit   'shebang-command': [ '2.0.0' ],
41 silly audit   'shebang-regex': [ '3.0.0' ],
41 silly audit   'side-channel': [ '1.1.0' ],
41 silly audit   'side-channel-list': [ '1.0.1' ],
41 silly audit   'side-channel-map': [ '1.0.1' ],
41 silly audit   'side-channel-weakmap': [ '1.0.2' ],
41 silly audit   'signal-exit': [ '3.0.7' ],
41 silly audit   sisteransi: [ '1.0.5' ],
41 silly audit   'slice-ansi': [ '4.0.0' ],
41 silly audit   'source-map-js': [ '1.2.1' ],
41 silly audit   split2: [ '4.2.0' ],
41 silly audit   'stable-hash': [ '0.0.5' ],
41 silly audit   'stop-iteration-iterator': [ '1.1.0' ],
41 silly audit   string_decoder: [ '1.3.0' ],
41 silly audit   'string-width': [ '4.2.3' ],
41 silly audit   'string.prototype.includes': [ '2.0.1' ],
41 silly audit   'string.prototype.matchall': [ '4.0.12' ],
41 silly audit   'string.prototype.repeat': [ '1.0.0' ],
41 silly audit   'string.prototype.trim': [ '1.2.10' ],
41 silly audit   'string.prototype.trimend': [ '1.0.9' ],
41 silly audit   'string.prototype.trimstart': [ '1.0.8' ],
41 silly audit   'strip-ansi': [ '6.0.1' ],
41 silly audit   'strip-bom': [ '3.0.0' ],
41 silly audit   'strip-json-comments': [ '3.1.1' ],
41 silly audit   'styled-jsx': [ '5.1.6' ],
41 silly audit   'supports-color': [ '7.2.0' ],
41 silly audit   'supports-preserve-symlinks-flag': [ '1.0.0' ],
41 silly audit   tailwindcss: [ '4.2.4' ],
41 silly audit   tapable: [ '2.3.3' ],
41 silly audit   tar: [ '7.5.13' ],
41 silly audit   yallist: [ '5.0.0', '3.1.1' ],
41 silly audit   through2: [ '4.0.2' ],
41 silly audit   tinyglobby: [ '0.2.16' ],
41 silly audit   fdir: [ '6.5.0' ],
41 silly audit   'to-regex-range': [ '5.0.1' ],
41 silly audit   'tree-kill': [ '1.2.2' ],
41 silly audit   'ts-api-utils': [ '2.5.0' ],
41 silly audit   'tsconfig-paths': [ '3.15.0' ],
41 silly audit   tslib: [ '2.8.1' ],
41 silly audit   'type-check': [ '0.4.0' ],
41 silly audit   'typed-array-buffer': [ '1.0.3' ],
41 silly audit   'typed-array-byte-length': [ '1.0.3' ],
41 silly audit   'typed-array-byte-offset': [ '1.0.4' ],
41 silly audit   'typed-array-length': [ '1.0.7' ],
41 silly audit   typescript: [ '5.9.3' ],
41 silly audit   'typescript-eslint': [ '8.59.1' ],
41 silly audit   'unbox-primitive': [ '1.1.0' ],
41 silly audit   'undici-types': [ '6.21.0' ],
41 silly audit   universalify: [ '2.0.1' ],
41 silly audit   'unrs-resolver': [ '1.11.1' ],
41 silly audit   untildify: [ '4.0.0' ],
41 silly audit   'update-browserslist-db': [ '1.2.3' ],
41 silly audit   'uri-js': [ '4.4.1' ],
41 silly audit   'util-deprecate': [ '1.0.2' ],
41 silly audit   'web-push': [ '3.6.7' ],
41 silly audit   which: [ '2.0.2' ],
41 silly audit   'which-boxed-primitive': [ '1.1.1' ],
41 silly audit   'which-builtin-type': [ '1.2.1' ],
41 silly audit   'which-collection': [ '1.0.2' ],
41 silly audit   'which-typed-array': [ '1.1.20' ],
41 silly audit   'word-wrap': [ '1.2.5' ],
41 silly audit   'wrap-ansi': [ '7.0.0' ],
41 silly audit   xml2js: [ '0.6.2' ],
41 silly audit   xmlbuilder: [ '11.0.1', '15.1.1' ],
41 silly audit   yauzl: [ '2.10.0' ],
41 silly audit   'yocto-queue': [ '0.1.0' ],
41 silly audit   zod: [ '4.4.1' ],
41 silly audit   'zod-validation-error': [ '4.0.2' ],
41 silly audit   '@upstash/ratelimit': [ '2.0.8' ],
41 silly audit   '@upstash/redis': [ '1.38.0' ],
41 silly audit   '@vercel/kv': [ '3.0.0' ],
41 silly audit   '@upstash/core-analytics': [ '0.0.10' ],
41 silly audit   uncrypto: [ '0.1.3' ]
41 silly audit }
42 http cache @upstash/core-analytics@https://registry.npmjs.org/@upstash/core-analytics/-/core-analytics-0.0.10.tgz 0ms (cache hit)
43 http cache @upstash/ratelimit@https://registry.npmjs.org/@upstash/ratelimit/-/ratelimit-2.0.8.tgz 0ms (cache hit)
44 http cache @vercel/kv@https://registry.npmjs.org/@vercel/kv/-/kv-3.0.0.tgz 0ms (cache hit)
45 http cache @upstash/redis@https://registry.npmjs.org/@upstash/redis/-/redis-1.38.0.tgz 0ms (cache hit)
46 http cache uncrypto@https://registry.npmjs.org/uncrypto/-/uncrypto-0.1.3.tgz 0ms (cache hit)
47 silly tarball no local data for @upstash/core-analytics@https://registry.npmjs.org/@upstash/core-analytics/-/core-analytics-0.0.10.tgz. Extracting by manifest.
48 silly tarball no local data for @upstash/ratelimit@https://registry.npmjs.org/@upstash/ratelimit/-/ratelimit-2.0.8.tgz. Extracting by manifest.
49 silly tarball no local data for @vercel/kv@https://registry.npmjs.org/@vercel/kv/-/kv-3.0.0.tgz. Extracting by manifest.
50 silly tarball no local data for @upstash/redis@https://registry.npmjs.org/@upstash/redis/-/redis-1.38.0.tgz. Extracting by manifest.
51 silly tarball no local data for uncrypto@https://registry.npmjs.org/uncrypto/-/uncrypto-0.1.3.tgz. Extracting by manifest.
52 http fetch POST 200 https://registry.npmjs.org/-/npm/v1/security/advisories/bulk 125ms
53 silly audit report {
53 silly audit report   'brace-expansion': [
53 silly audit report     {
53 silly audit report       id: 1119088,
53 silly audit report       url: 'https://github.com/advisories/GHSA-jxxr-4gwj-5jf2',
53 silly audit report       title: 'brace-expansion: Large numeric range defeats documented `max` DoS protection',
53 silly audit report       severity: 'moderate',
53 silly audit report       vulnerable_versions: '>=5.0.0 <5.0.6',
53 silly audit report       cwe: [Array],
53 silly audit report       cvss: [Object]
53 silly audit report     }
53 silly audit report   ],
53 silly audit report   next: [
53 silly audit report     {
53 silly audit report       id: 1117930,
53 silly audit report       url: 'https://github.com/advisories/GHSA-8h8q-6873-q5fj',
53 silly audit report       title: 'Next.js Vulnerable to Denial of Service with Server Components',
53 silly audit report       severity: 'high',
53 silly audit report       vulnerable_versions: '>=16.0.0 <16.2.5',
53 silly audit report       cwe: [Array],
53 silly audit report       cvss: [Object]
53 silly audit report     },
53 silly audit report     {
53 silly audit report       id: 1118938,
53 silly audit report       url: 'https://github.com/advisories/GHSA-26hh-7cqf-hhc6',
53 silly audit report       title: 'Next.js has a Middleware / Proxy bypass in App Router applications via segment-prefetch routes - Incomplete Fix Follow-Up',
53 silly audit report       severity: 'high',
53 silly audit report       vulnerable_versions: '>=16.0.0 <16.2.6',
53 silly audit report       cwe: [Array],
53 silly audit report       cvss: [Object]
53 silly audit report     },
53 silly audit report     {
53 silly audit report       id: 1118941,
53 silly audit report       url: 'https://github.com/advisories/GHSA-3g8h-86w9-wvmq',
53 silly audit report       title: "Next.js's Middleware / Proxy redirects can be cache-poisoned",
53 silly audit report       severity: 'low',
53 silly audit report       vulnerable_versions: '>=16.0.0 <16.2.5',
53 silly audit report       cwe: [Array],
53 silly audit report       cvss: [Object]
53 silly audit report     },
53 silly audit report     {
53 silly audit report       id: 1118943,
53 silly audit report       url: 'https://github.com/advisories/GHSA-ffhc-5mcf-pf4q',
53 silly audit report       title: 'Next.js vulnerable to cross-site scripting in App Router applications using CSP nonces',
53 silly audit report       severity: 'moderate',
53 silly audit report       vulnerable_versions: '>=16.0.0 <16.2.5',
53 silly audit report       cwe: [Array],
53 silly audit report       cvss: [Object]
53 silly audit report     },
53 silly audit report     {
53 silly audit report       id: 1118945,
53 silly audit report       url: 'https://github.com/advisories/GHSA-vfv6-92ff-j949',
53 silly audit report       title: 'Next.js vulnerable to cache poisoning via collisions in React Server Component cache-busting',
53 silly audit report       severity: 'low',
53 silly audit report       vulnerable_versions: '>=16.0.0 <16.2.5',
53 silly audit report       cwe: [Array],
53 silly audit report       cvss: [Object]
53 silly audit report     },
53 silly audit report     {
53 silly audit report       id: 1118947,
53 silly audit report       url: 'https://github.com/advisories/GHSA-gx5p-jg67-6x7h',
53 silly audit report       title: 'Next.js has cross-site scripting in beforeInteractive scripts with untrusted input',
53 silly audit report       severity: 'moderate',
53 silly audit report       vulnerable_versions: '>=16.0.0 <16.2.5',
53 silly audit report       cwe: [Array],
53 silly audit report       cvss: [Object]
53 silly audit report     },
53 silly audit report     {
53 silly audit report       id: 1118949,
53 silly audit report       url: 'https://github.com/advisories/GHSA-mg66-mrh9-m8jx',
53 silly audit report       title: 'Next.js vulnerable to Denial of Service via connection exhaustion in applications using Cache Components',
53 silly audit report       severity: 'high',
53 silly audit report       vulnerable_versions: '>=16.0.0 <16.2.5',
53 silly audit report       cwe: [Array],
53 silly audit report       cvss: [Object]
53 silly audit report     },
53 silly audit report     {
53 silly audit report       id: 1118951,
53 silly audit report       url: 'https://github.com/advisories/GHSA-h64f-5h5j-jqjh',
53 silly audit report       title: 'Next.js has a Denial of Service in the Image Optimization API',
53 silly audit report       severity: 'moderate',
53 silly audit report       vulnerable_versions: '>=16.0.0 <16.2.5',
53 silly audit report       cwe: [Array],
53 silly audit report       cvss: [Object]
53 silly audit report     },
53 silly audit report     {
53 silly audit report       id: 1118953,
53 silly audit report       url: 'https://github.com/advisories/GHSA-c4j6-fc7j-m34r',
53 silly audit report       title: 'Next.js vulnerable to server-side request forgery in applications using WebSocket upgrades',
53 silly audit report       severity: 'high',
53 silly audit report       vulnerable_versions: '>=16.0.0 <16.2.5',
53 silly audit report       cwe: [Array],
53 silly audit report       cvss: [Object]
53 silly audit report     },
53 silly audit report     {
53 silly audit report       id: 1118955,
53 silly audit report       url: 'https://github.com/advisories/GHSA-492v-c6pp-mqqv',
53 silly audit report       title: 'Next.js has a Middleware / Proxy bypass through dynamic route parameter injection',
53 silly audit report       severity: 'high',
53 silly audit report       vulnerable_versions: '>=16.0.0 <16.2.5',
53 silly audit report       cwe: [Array],
53 silly audit report       cvss: [Object]
53 silly audit report     },
53 silly audit report     {
53 silly audit report       id: 1118957,
53 silly audit report       url: 'https://github.com/advisories/GHSA-wfc6-r584-vfw7',
53 silly audit report       title: 'Next.js vulnerable to cache poisoning in React Server Component responses',
53 silly audit report       severity: 'moderate',
53 silly audit report       vulnerable_versions: '>=16.0.0 <16.2.5',
53 silly audit report       cwe: [Array],
53 silly audit report       cvss: [Object]
53 silly audit report     },
53 silly audit report     {
53 silly audit report       id: 1118959,
53 silly audit report       url: 'https://github.com/advisories/GHSA-267c-6grr-h53f',
53 silly audit report       title: 'Next.js has a Middleware / Proxy bypass in App Router applications via segment-prefetch routes',
53 silly audit report       severity: 'high',
53 silly audit report       vulnerable_versions: '>=16.0.0 <16.2.5',
53 silly audit report       cwe: [Array],
53 silly audit report       cvss: [Object]
53 silly audit report     },
53 silly audit report     {
53 silly audit report       id: 1118961,
53 silly audit report       url: 'https://github.com/advisories/GHSA-36qx-fr4f-26g5',
53 silly audit report       title: 'Next.js has a Middleware / Proxy bypass in Pages Router applications using i18n',
53 silly audit report       severity: 'high',
53 silly audit report       vulnerable_versions: '>=16.0.0 <16.2.5',
53 silly audit report       cwe: [Array],
53 silly audit report       cvss: [Object]
53 silly audit report     }
53 silly audit report   ],
53 silly audit report   postcss: [
53 silly audit report     {
53 silly audit report       id: 1117015,
53 silly audit report       url: 'https://github.com/advisories/GHSA-qx2v-qp2m-jg93',
53 silly audit report       title: 'PostCSS has XSS via Unescaped </style> in its CSS Stringify Output',
53 silly audit report       severity: 'moderate',
53 silly audit report       vulnerable_versions: '<8.5.10',
53 silly audit report       cwe: [Array],
53 silly audit report       cvss: [Object]
53 silly audit report     }
53 silly audit report   ]
53 silly audit report }
54 silly packumentCache corgi:https://registry.npmjs.org/brace-expansion cache-miss
55 silly packumentCache corgi:https://registry.npmjs.org/next cache-miss
56 silly packumentCache corgi:https://registry.npmjs.org/postcss cache-miss
57 http fetch GET 200 https://registry.npmjs.org/@upstash/core-analytics/-/core-analytics-0.0.10.tgz 146ms (cache miss)
58 http fetch GET 200 https://registry.npmjs.org/uncrypto/-/uncrypto-0.1.3.tgz 146ms (cache miss)
59 http fetch GET 200 https://registry.npmjs.org/brace-expansion 48ms (cache miss)
60 silly packumentCache corgi:https://registry.npmjs.org/brace-expansion set size:undefined disposed:false
61 http fetch GET 200 https://registry.npmjs.org/@upstash/redis/-/redis-1.38.0.tgz 212ms (cache miss)
62 http fetch GET 200 https://registry.npmjs.org/@vercel/kv/-/kv-3.0.0.tgz 214ms (cache miss)
63 warn deprecated @vercel/kv@3.0.0: Vercel KV is deprecated. If you had an existing KV store, it should have moved to Upstash Redis which you will see under Vercel Integrations. For new projects, install a Redis integration from Vercel Marketplace: https://vercel.com/marketplace?category=storage&search=redis
64 http fetch GET 200 https://registry.npmjs.org/@upstash/ratelimit/-/ratelimit-2.0.8.tgz 384ms (cache miss)
65 http fetch GET 200 https://registry.npmjs.org/postcss 313ms (cache miss)
66 silly packumentCache corgi:https://registry.npmjs.org/postcss set size:undefined disposed:false
67 http fetch GET 200 https://registry.npmjs.org/next 574ms (cache miss)
68 silly packumentCache corgi:https://registry.npmjs.org/next set size:undefined disposed:false
69 silly packumentCache corgi:https://registry.npmjs.org/minimatch cache-miss
70 http fetch GET 200 https://registry.npmjs.org/minimatch 56ms (cache miss)
71 silly packumentCache corgi:https://registry.npmjs.org/minimatch set size:undefined disposed:false
72 silly packumentCache corgi:https://registry.npmjs.org/@vercel%2fanalytics cache-miss
73 silly packumentCache corgi:https://registry.npmjs.org/@vercel%2fspeed-insights cache-miss
74 http fetch GET 200 https://registry.npmjs.org/@vercel%2fanalytics 196ms (cache miss)
75 silly packumentCache corgi:https://registry.npmjs.org/@vercel%2fanalytics set size:undefined disposed:false
76 http fetch GET 200 https://registry.npmjs.org/@vercel%2fspeed-insights 256ms (cache miss)
77 silly packumentCache corgi:https://registry.npmjs.org/@vercel%2fspeed-insights set size:undefined disposed:false
78 silly ADD node_modules/uncrypto
79 silly ADD node_modules/@upstash/core-analytics
80 silly ADD node_modules/@vercel/kv
81 silly ADD node_modules/@upstash/redis
82 silly ADD node_modules/@upstash/ratelimit
83 verbose cwd /Users/ibrahimtatlicioglu/Desktop/nba-live-scores
84 verbose os Darwin 25.5.0
85 verbose node v24.15.0
86 verbose npm  v11.12.1
87 notice
87 notice New minor version of npm available! 11.12.1 -> 11.15.0
87 notice Changelog: https://github.com/npm/cli/releases/tag/v11.15.0
87 notice To update run: npm install -g npm@11.15.0
87 notice  { force: true, Symbol(proc-log.meta): true }
88 verbose exit 0
89 info ok
